[INFO] [1782123753.787757244] [fusion_grid_05]: Publishing SLAM cone observations on /cones_grid_05 as hyu_msgs/msg/ConeArrayWithCovariance
[INFO] [1782123753.788004125] [fusion_grid_05]: Publishing RViz cone markers on /cones_grid_05/viz as visualization_msgs/msg/MarkerArray
[INFO] [1782123753.788169480] [fusion_grid_05]: Fusion inputs: image=/zed/left/image_rect_color, pointcloud=/velodyne_points, bboxes=/yolo_bounding_boxes, camera_info=/zed/left/camera_info
[INFO] [1782123753.788324238] [fusion_grid_05]: LiDAR-camera fusion enabled. BBox class/color is fused with LiDAR clusters.
[INFO] [1782123753.788480590] [fusion_grid_05]: Fusion debug topics enabled under /fusion/grid_05
[WARN] [1782123753.789835133] [fusion_grid_05]: Fusion waiting for inputs: pointcloud=/velodyne_points, bboxes=/yolo_bounding_boxes
[INFO] [1782123754.041449850] [fusion_grid_05]: Fusion debug: raw=3378, roi=93, detections=17, clusters=4, cluster_assignments=3, sparse_assignments=1; #0:yellow(raw=4,roi=2,cl=0,assigned_sparse); #1:big_orange(raw=68,roi=35,cl=25,duplicate_or_low_score); #2:blue(raw=5,roi=3,cl=3,assigned_cluster); #3:blue(raw=3,roi=0,cl=0,rejected_by_roi_or_self_ground); #4:yellow(raw=3,roi=1,cl=0,insufficient_cluster_support); #5:blue(raw=2,roi=1,cl=0,insufficient_cluster_support); #6:yellow(raw=2,roi=1,cl=0,insufficient_cluster_support); #7:big_orange(raw=37,roi=22,cl=14,duplicate_or_low_score)
[INFO] [1782123754.041749809] [fusion_grid_05]: Fusion published cones: blue=1, yellow=1, orange=1, big_orange=1, unknown=0
[INFO] [1782123756.163218533] [fusion_grid_05]: Fusion debug: raw=3378, roi=93, detections=17, clusters=4, cluster_assignments=3, sparse_assignments=1; #0:yellow(raw=4,roi=2,cl=0,assigned_sparse); #1:big_orange(raw=68,roi=35,cl=25,duplicate_or_low_score); #2:blue(raw=5,roi=3,cl=3,assigned_cluster); #3:blue(raw=3,roi=0,cl=0,rejected_by_roi_or_self_ground); #4:yellow(raw=3,roi=1,cl=0,insufficient_cluster_support); #5:blue(raw=2,roi=1,cl=0,insufficient_cluster_support); #6:yellow(raw=2,roi=1,cl=0,insufficient_cluster_support); #7:big_orange(raw=37,roi=22,cl=14,duplicate_or_low_score)
[INFO] [1782123756.163534170] [fusion_grid_05]: Fusion published cones: blue=1, yellow=1, orange=1, big_orange=1, unknown=0
[INFO] [1782123758.213962799] [fusion_grid_05]: Fusion debug: raw=3378, roi=93, detections=17, clusters=4, cluster_assignments=3, sparse_assignments=1; #0:yellow(raw=4,roi=2,cl=0,assigned_sparse); #1:big_orange(raw=68,roi=34,cl=25,duplicate_or_low_score); #2:blue(raw=5,roi=3,cl=3,assigned_cluster); #3:blue(raw=3,roi=0,cl=0,rejected_by_roi_or_self_ground); #4:yellow(raw=3,roi=1,cl=0,insufficient_cluster_support); #5:blue(raw=2,roi=1,cl=0,insufficient_cluster_support); #6:yellow(raw=2,roi=1,cl=0,insufficient_cluster_support); #7:big_orange(raw=37,roi=21,cl=14,duplicate_or_low_score)
[INFO] [1782123758.214250923] [fusion_grid_05]: Fusion published cones: blue=1, yellow=1, orange=1, big_orange=1, unknown=0
[INFO] [1782123760.302467107] [fusion_grid_05]: Fusion debug: raw=3378, roi=93, detections=17, clusters=4, cluster_assignments=3, sparse_assignments=1; #0:yellow(raw=4,roi=2,cl=0,assigned_sparse); #1:big_orange(raw=68,roi=34,cl=25,duplicate_or_low_score); #2:blue(raw=5,roi=3,cl=3,assigned_cluster); #3:blue(raw=3,roi=0,cl=0,rejected_by_roi_or_self_ground); #4:yellow(raw=3,roi=1,cl=0,insufficient_cluster_support); #5:blue(raw=2,roi=1,cl=0,insufficient_cluster_support); #6:yellow(raw=2,roi=1,cl=0,insufficient_cluster_support); #7:big_orange(raw=37,roi=20,cl=14,duplicate_or_low_score)
[INFO] [1782123760.302779332] [fusion_grid_05]: Fusion published cones: blue=1, yellow=1, orange=1, big_orange=1, unknown=0
[INFO] [1782123762.403849841] [fusion_grid_05]: Fusion debug: raw=3378, roi=93, detections=17, clusters=4, cluster_assignments=3, sparse_assignments=1; #0:yellow(raw=4,roi=2,cl=0,assigned_sparse); #1:big_orange(raw=68,roi=35,cl=25,duplicate_or_low_score); #2:blue(raw=5,roi=3,cl=3,assigned_cluster); #3:blue(raw=3,roi=0,cl=0,rejected_by_roi_or_self_ground); #4:yellow(raw=3,roi=1,cl=0,insufficient_cluster_support); #5:blue(raw=2,roi=1,cl=0,insufficient_cluster_support); #6:yellow(raw=2,roi=1,cl=0,insufficient_cluster_support); #7:big_orange(raw=37,roi=21,cl=14,duplicate_or_low_score)
[INFO] [1782123762.404156600] [fusion_grid_05]: Fusion published cones: blue=1, yellow=1, orange=1, big_orange=1, unknown=0
[INFO] [1782123764.443653333] [fusion_grid_05]: Fusion debug: raw=3378, roi=93, detections=17, clusters=4, cluster_assignments=3, sparse_assignments=1; #0:yellow(raw=4,roi=2,cl=0,assigned_sparse); #1:big_orange(raw=68,roi=35,cl=25,duplicate_or_low_score); #2:blue(raw=5,roi=3,cl=3,assigned_cluster); #3:blue(raw=3,roi=0,cl=0,rejected_by_roi_or_self_ground); #4:yellow(raw=3,roi=1,cl=0,insufficient_cluster_support); #5:blue(raw=2,roi=1,cl=0,insufficient_cluster_support); #6:yellow(raw=2,roi=1,cl=0,insufficient_cluster_support); #7:big_orange(raw=37,roi=21,cl=14,duplicate_or_low_score)
[INFO] [1782123764.443938170] [fusion_grid_05]: Fusion published cones: blue=1, yellow=1, orange=1, big_orange=1, unknown=0
[INFO] [1782123766.508177392] [fusion_grid_05]: Fusion debug: raw=3378, roi=93, detections=17, clusters=4, cluster_assignments=3, sparse_assignments=1; #0:yellow(raw=4,roi=2,cl=0,assigned_sparse); #1:big_orange(raw=69,roi=36,cl=25,duplicate_or_low_score); #2:blue(raw=5,roi=3,cl=3,assigned_cluster); #3:blue(raw=3,roi=0,cl=0,rejected_by_roi_or_self_ground); #4:yellow(raw=3,roi=1,cl=0,insufficient_cluster_support); #5:blue(raw=2,roi=1,cl=0,insufficient_cluster_support); #6:yellow(raw=2,roi=1,cl=0,insufficient_cluster_support); #7:big_orange(raw=37,roi=21,cl=14,duplicate_or_low_score)
[INFO] [1782123766.508485796] [fusion_grid_05]: Fusion published cones: blue=1, yellow=1, orange=1, big_orange=1, unknown=0
[INFO] [1782123768.550801313] [fusion_grid_05]: Fusion debug: raw=3378, roi=93, detections=17, clusters=4, cluster_assignments=3, sparse_assignments=1; #0:yellow(raw=4,roi=2,cl=0,assigned_sparse); #1:big_orange(raw=68,roi=35,cl=25,duplicate_or_low_score); #2:blue(raw=5,roi=3,cl=3,assigned_cluster); #3:blue(raw=3,roi=0,cl=0,rejected_by_roi_or_self_ground); #4:yellow(raw=3,roi=1,cl=0,insufficient_cluster_support); #5:blue(raw=2,roi=1,cl=0,insufficient_cluster_support); #6:yellow(raw=2,roi=1,cl=0,insufficient_cluster_support); #7:big_orange(raw=37,roi=21,cl=14,duplicate_or_low_score)
[INFO] [1782123768.551104468] [fusion_grid_05]: Fusion published cones: blue=1, yellow=1, orange=1, big_orange=1, unknown=0
