[INFO] [1782123806.450087715] [fusion_grid_08]: Publishing SLAM cone observations on /cones_grid_08 as hyu_msgs/msg/ConeArrayWithCovariance
[INFO] [1782123806.450350097] [fusion_grid_08]: Publishing RViz cone markers on /cones_grid_08/viz as visualization_msgs/msg/MarkerArray
[INFO] [1782123806.450543501] [fusion_grid_08]: Fusion inputs: image=/zed/left/image_rect_color, pointcloud=/velodyne_points, bboxes=/yolo_bounding_boxes, camera_info=/zed/left/camera_info
[INFO] [1782123806.450707600] [fusion_grid_08]: LiDAR-camera fusion enabled. BBox class/color is fused with LiDAR clusters.
[INFO] [1782123806.450892431] [fusion_grid_08]: Fusion debug topics enabled under /fusion/grid_08
[WARN] [1782123806.565218449] [fusion_grid_08]: Fusion waiting for inputs: bboxes=/yolo_bounding_boxes, camera_info=/zed/left/camera_info
[INFO] [1782123807.018698248] [fusion_grid_08]: Fusion debug: raw=3378, roi=93, detections=17, clusters=4, cluster_assignments=3, sparse_assignments=1; #0:yellow(raw=4,roi=2,cl=0,assigned_sparse); #1:big_orange(raw=68,roi=40,cl=25,duplicate_or_low_score); #2:blue(raw=5,roi=3,cl=3,assigned_cluster); #3:blue(raw=3,roi=0,cl=0,rejected_by_roi_or_self_ground); #4:yellow(raw=3,roi=1,cl=0,insufficient_cluster_support); #5:blue(raw=2,roi=1,cl=0,insufficient_cluster_support); #6:big_orange(raw=37,roi=25,cl=14,duplicate_or_low_score); #7:yellow(raw=2,roi=1,cl=0,insufficient_cluster_support)
[INFO] [1782123807.019013108] [fusion_grid_08]: Fusion published cones: blue=1, yellow=1, orange=1, big_orange=1, unknown=0
[INFO] [1782123809.092886008] [fusion_grid_08]: Fusion debug: raw=3378, roi=93, detections=17, clusters=4, cluster_assignments=3, sparse_assignments=1; #0:yellow(raw=4,roi=2,cl=0,assigned_sparse); #1:big_orange(raw=68,roi=40,cl=25,duplicate_or_low_score); #2:blue(raw=5,roi=3,cl=3,assigned_cluster); #3:blue(raw=3,roi=0,cl=0,rejected_by_roi_or_self_ground); #4:yellow(raw=3,roi=1,cl=0,insufficient_cluster_support); #5:blue(raw=2,roi=1,cl=0,insufficient_cluster_support); #6:big_orange(raw=37,roi=25,cl=14,duplicate_or_low_score); #7:yellow(raw=2,roi=1,cl=0,insufficient_cluster_support)
[INFO] [1782123809.093181611] [fusion_grid_08]: Fusion published cones: blue=1, yellow=1, orange=1, big_orange=1, unknown=0
[INFO] [1782123811.206138521] [fusion_grid_08]: Fusion debug: raw=3378, roi=93, detections=17, clusters=4, cluster_assignments=3, sparse_assignments=1; #0:yellow(raw=4,roi=2,cl=0,assigned_sparse); #1:blue(raw=5,roi=3,cl=3,assigned_cluster); #2:big_orange(raw=68,roi=41,cl=25,duplicate_or_low_score); #3:blue(raw=3,roi=0,cl=0,rejected_by_roi_or_self_ground); #4:yellow(raw=3,roi=1,cl=0,insufficient_cluster_support); #5:blue(raw=2,roi=1,cl=0,insufficient_cluster_support); #6:big_orange(raw=37,roi=26,cl=14,duplicate_or_low_score); #7:yellow(raw=2,roi=1,cl=0,insufficient_cluster_support)
[INFO] [1782123811.206420714] [fusion_grid_08]: Fusion published cones: blue=1, yellow=1, orange=1, big_orange=1, unknown=0
[INFO] [1782123813.306609305] [fusion_grid_08]: Fusion debug: raw=3378, roi=93, detections=17, clusters=4, cluster_assignments=3, sparse_assignments=1; #0:yellow(raw=4,roi=2,cl=0,assigned_sparse); #1:big_orange(raw=67,roi=40,cl=24,duplicate_or_low_score); #2:blue(raw=5,roi=3,cl=3,assigned_cluster); #3:blue(raw=3,roi=0,cl=0,rejected_by_roi_or_self_ground); #4:yellow(raw=3,roi=1,cl=0,insufficient_cluster_support); #5:blue(raw=2,roi=1,cl=0,insufficient_cluster_support); #6:big_orange(raw=37,roi=25,cl=14,duplicate_or_low_score); #7:yellow(raw=2,roi=1,cl=0,insufficient_cluster_support)
[INFO] [1782123813.306899310] [fusion_grid_08]: Fusion published cones: blue=1, yellow=1, orange=1, big_orange=1, unknown=0
[INFO] [1782123815.378050121] [fusion_grid_08]: Fusion debug: raw=3378, roi=93, detections=17, clusters=4, cluster_assignments=3, sparse_assignments=1; #0:yellow(raw=4,roi=2,cl=0,assigned_sparse); #1:big_orange(raw=68,roi=40,cl=25,duplicate_or_low_score); #2:blue(raw=5,roi=3,cl=3,assigned_cluster); #3:blue(raw=3,roi=0,cl=0,rejected_by_roi_or_self_ground); #4:yellow(raw=3,roi=1,cl=0,insufficient_cluster_support); #5:blue(raw=2,roi=1,cl=0,insufficient_cluster_support); #6:big_orange(raw=37,roi=26,cl=14,duplicate_or_low_score); #7:yellow(raw=2,roi=1,cl=0,insufficient_cluster_support)
[INFO] [1782123815.378394651] [fusion_grid_08]: Fusion published cones: blue=1, yellow=1, orange=1, big_orange=1, unknown=0
[INFO] [1782123817.380168758] [fusion_grid_08]: Fusion debug: raw=3378, roi=93, detections=17, clusters=4, cluster_assignments=3, sparse_assignments=1; #0:yellow(raw=4,roi=2,cl=0,assigned_sparse); #1:big_orange(raw=68,roi=40,cl=25,duplicate_or_low_score); #2:blue(raw=5,roi=3,cl=3,assigned_cluster); #3:blue(raw=3,roi=0,cl=0,rejected_by_roi_or_self_ground); #4:yellow(raw=3,roi=1,cl=0,insufficient_cluster_support); #5:blue(raw=2,roi=1,cl=0,insufficient_cluster_support); #6:big_orange(raw=37,roi=26,cl=14,duplicate_or_low_score); #7:yellow(raw=2,roi=1,cl=0,insufficient_cluster_support)
[INFO] [1782123817.380457292] [fusion_grid_08]: Fusion published cones: blue=1, yellow=1, orange=1, big_orange=1, unknown=0
[INFO] [1782123819.485014709] [fusion_grid_08]: Fusion debug: raw=3378, roi=93, detections=17, clusters=4, cluster_assignments=3, sparse_assignments=1; #0:yellow(raw=4,roi=2,cl=0,assigned_sparse); #1:big_orange(raw=68,roi=40,cl=25,duplicate_or_low_score); #2:blue(raw=5,roi=3,cl=3,assigned_cluster); #3:blue(raw=3,roi=0,cl=0,rejected_by_roi_or_self_ground); #4:yellow(raw=3,roi=1,cl=0,insufficient_cluster_support); #5:blue(raw=2,roi=1,cl=0,insufficient_cluster_support); #6:big_orange(raw=37,roi=25,cl=14,duplicate_or_low_score); #7:yellow(raw=2,roi=1,cl=0,insufficient_cluster_support)
[INFO] [1782123819.485419067] [fusion_grid_08]: Fusion published cones: blue=1, yellow=1, orange=1, big_orange=1, unknown=0
[INFO] [1782123821.505219534] [fusion_grid_08]: Fusion debug: raw=3378, roi=93, detections=17, clusters=4, cluster_assignments=3, sparse_assignments=1; #0:yellow(raw=4,roi=2,cl=0,assigned_sparse); #1:big_orange(raw=68,roi=40,cl=25,duplicate_or_low_score); #2:blue(raw=5,roi=3,cl=3,assigned_cluster); #3:blue(raw=3,roi=0,cl=0,rejected_by_roi_or_self_ground); #4:yellow(raw=3,roi=1,cl=0,insufficient_cluster_support); #5:blue(raw=2,roi=1,cl=0,insufficient_cluster_support); #6:yellow(raw=2,roi=1,cl=0,insufficient_cluster_support); #7:big_orange(raw=36,roi=25,cl=14,duplicate_or_low_score)
[INFO] [1782123821.505517316] [fusion_grid_08]: Fusion published cones: blue=1, yellow=1, orange=1, big_orange=1, unknown=0
