[INFO] [1782123823.959093566] [fusion_grid_09]: Publishing SLAM cone observations on /cones_grid_09 as hyu_msgs/msg/ConeArrayWithCovariance
[INFO] [1782123823.959363894] [fusion_grid_09]: Publishing RViz cone markers on /cones_grid_09/viz as visualization_msgs/msg/MarkerArray
[INFO] [1782123823.959539428] [fusion_grid_09]: Fusion inputs: image=/zed/left/image_rect_color, pointcloud=/velodyne_points, bboxes=/yolo_bounding_boxes, camera_info=/zed/left/camera_info
[INFO] [1782123823.959700079] [fusion_grid_09]: LiDAR-camera fusion enabled. BBox class/color is fused with LiDAR clusters.
[INFO] [1782123823.959859954] [fusion_grid_09]: Fusion debug topics enabled under /fusion/grid_09
[WARN] [1782123824.060280359] [fusion_grid_09]: Fusion waiting for inputs: bboxes=/yolo_bounding_boxes, camera_info=/zed/left/camera_info
[INFO] [1782123824.718485701] [fusion_grid_09]: Fusion debug: raw=3378, roi=93, detections=17, clusters=4, cluster_assignments=3, sparse_assignments=1; #0:yellow(raw=4,roi=2,cl=0,assigned_sparse); #1:big_orange(raw=68,roi=35,cl=25,duplicate_or_low_score); #2:blue(raw=5,roi=3,cl=3,assigned_cluster); #3:blue(raw=3,roi=0,cl=0,rejected_by_roi_or_self_ground); #4:yellow(raw=3,roi=1,cl=0,insufficient_cluster_support); #5:blue(raw=2,roi=1,cl=0,insufficient_cluster_support); #6:big_orange(raw=37,roi=21,cl=14,duplicate_or_low_score); #7:yellow(raw=2,roi=1,cl=0,insufficient_cluster_support)
[INFO] [1782123824.718819928] [fusion_grid_09]: Fusion published cones: blue=1, yellow=1, orange=1, big_orange=1, unknown=0
[INFO] [1782123826.735650517] [fusion_grid_09]: Fusion debug: raw=3378, roi=93, detections=17, clusters=4, cluster_assignments=3, sparse_assignments=1; #0:yellow(raw=4,roi=2,cl=0,assigned_sparse); #1:big_orange(raw=68,roi=35,cl=25,duplicate_or_low_score); #2:blue(raw=5,roi=3,cl=3,assigned_cluster); #3:blue(raw=3,roi=0,cl=0,rejected_by_roi_or_self_ground); #4:yellow(raw=3,roi=1,cl=0,insufficient_cluster_support); #5:blue(raw=2,roi=1,cl=0,insufficient_cluster_support); #6:big_orange(raw=37,roi=22,cl=14,duplicate_or_low_score); #7:yellow(raw=2,roi=1,cl=0,insufficient_cluster_support)
[INFO] [1782123826.735963601] [fusion_grid_09]: Fusion published cones: blue=1, yellow=1, orange=1, big_orange=1, unknown=0
[INFO] [1782123828.857383296] [fusion_grid_09]: Fusion debug: raw=3378, roi=93, detections=17, clusters=4, cluster_assignments=3, sparse_assignments=1; #0:yellow(raw=4,roi=2,cl=0,assigned_sparse); #1:big_orange(raw=68,roi=35,cl=25,duplicate_or_low_score); #2:blue(raw=5,roi=3,cl=3,assigned_cluster); #3:blue(raw=3,roi=0,cl=0,rejected_by_roi_or_self_ground); #4:yellow(raw=3,roi=1,cl=0,insufficient_cluster_support); #5:blue(raw=2,roi=1,cl=0,insufficient_cluster_support); #6:yellow(raw=2,roi=1,cl=0,insufficient_cluster_support); #7:big_orange(raw=37,roi=21,cl=14,duplicate_or_low_score)
[INFO] [1782123828.857673012] [fusion_grid_09]: Fusion published cones: blue=1, yellow=1, orange=1, big_orange=1, unknown=0
[INFO] [1782123830.942078165] [fusion_grid_09]: Fusion debug: raw=3378, roi=93, detections=17, clusters=4, cluster_assignments=3, sparse_assignments=1; #0:yellow(raw=4,roi=2,cl=0,assigned_sparse); #1:big_orange(raw=68,roi=35,cl=25,duplicate_or_low_score); #2:blue(raw=5,roi=3,cl=3,assigned_cluster); #3:blue(raw=3,roi=0,cl=0,rejected_by_roi_or_self_ground); #4:yellow(raw=3,roi=1,cl=0,insufficient_cluster_support); #5:blue(raw=2,roi=1,cl=0,insufficient_cluster_support); #6:yellow(raw=2,roi=1,cl=0,insufficient_cluster_support); #7:big_orange(raw=37,roi=22,cl=14,duplicate_or_low_score)
[INFO] [1782123830.942357701] [fusion_grid_09]: Fusion published cones: blue=1, yellow=1, orange=1, big_orange=1, unknown=0
[INFO] [1782123833.063752626] [fusion_grid_09]: Fusion debug: raw=3378, roi=93, detections=17, clusters=4, cluster_assignments=3, sparse_assignments=1; #0:yellow(raw=4,roi=2,cl=0,assigned_sparse); #1:big_orange(raw=68,roi=35,cl=25,duplicate_or_low_score); #2:blue(raw=5,roi=3,cl=3,assigned_cluster); #3:blue(raw=3,roi=0,cl=0,rejected_by_roi_or_self_ground); #4:yellow(raw=3,roi=1,cl=0,insufficient_cluster_support); #5:blue(raw=2,roi=1,cl=0,insufficient_cluster_support); #6:big_orange(raw=37,roi=22,cl=14,duplicate_or_low_score); #7:yellow(raw=2,roi=1,cl=0,insufficient_cluster_support)
[INFO] [1782123833.064065023] [fusion_grid_09]: Fusion published cones: blue=1, yellow=1, orange=1, big_orange=1, unknown=0
[INFO] [1782123835.161179643] [fusion_grid_09]: Fusion debug: raw=3378, roi=93, detections=17, clusters=4, cluster_assignments=3, sparse_assignments=1; #0:yellow(raw=4,roi=2,cl=0,assigned_sparse); #1:big_orange(raw=68,roi=36,cl=25,duplicate_or_low_score); #2:blue(raw=5,roi=3,cl=3,assigned_cluster); #3:blue(raw=3,roi=0,cl=0,rejected_by_roi_or_self_ground); #4:yellow(raw=3,roi=1,cl=0,insufficient_cluster_support); #5:blue(raw=2,roi=1,cl=0,insufficient_cluster_support); #6:big_orange(raw=37,roi=20,cl=14,duplicate_or_low_score); #7:yellow(raw=2,roi=1,cl=0,insufficient_cluster_support)
[INFO] [1782123835.161463024] [fusion_grid_09]: Fusion published cones: blue=1, yellow=1, orange=1, big_orange=1, unknown=0
[INFO] [1782123837.216908568] [fusion_grid_09]: Fusion debug: raw=3378, roi=93, detections=17, clusters=4, cluster_assignments=3, sparse_assignments=1; #0:yellow(raw=4,roi=2,cl=0,assigned_sparse); #1:big_orange(raw=68,roi=35,cl=25,duplicate_or_low_score); #2:blue(raw=5,roi=3,cl=3,assigned_cluster); #3:blue(raw=3,roi=0,cl=0,rejected_by_roi_or_self_ground); #4:yellow(raw=3,roi=1,cl=0,insufficient_cluster_support); #5:blue(raw=2,roi=1,cl=0,insufficient_cluster_support); #6:big_orange(raw=37,roi=21,cl=14,duplicate_or_low_score); #7:yellow(raw=2,roi=1,cl=0,insufficient_cluster_support)
[INFO] [1782123837.217211841] [fusion_grid_09]: Fusion published cones: blue=1, yellow=1, orange=1, big_orange=1, unknown=0
[INFO] [1782123839.330235239] [fusion_grid_09]: Fusion debug: raw=3378, roi=93, detections=17, clusters=4, cluster_assignments=3, sparse_assignments=1; #0:yellow(raw=4,roi=2,cl=0,assigned_sparse); #1:big_orange(raw=68,roi=35,cl=25,duplicate_or_low_score); #2:blue(raw=5,roi=3,cl=3,assigned_cluster); #3:blue(raw=3,roi=0,cl=0,rejected_by_roi_or_self_ground); #4:yellow(raw=3,roi=1,cl=0,insufficient_cluster_support); #5:blue(raw=2,roi=1,cl=0,insufficient_cluster_support); #6:big_orange(raw=36,roi=21,cl=14,duplicate_or_low_score); #7:yellow(raw=2,roi=1,cl=0,insufficient_cluster_support)
[INFO] [1782123839.330524976] [fusion_grid_09]: Fusion published cones: blue=1, yellow=1, orange=1, big_orange=1, unknown=0
