[INFO] [1782123841.525015567] [fusion_grid_10]: Publishing SLAM cone observations on /cones_grid_10 as hyu_msgs/msg/ConeArrayWithCovariance
[INFO] [1782123841.525266276] [fusion_grid_10]: Publishing RViz cone markers on /cones_grid_10/viz as visualization_msgs/msg/MarkerArray
[INFO] [1782123841.525439686] [fusion_grid_10]: Fusion inputs: image=/zed/left/image_rect_color, pointcloud=/velodyne_points, bboxes=/yolo_bounding_boxes, camera_info=/zed/left/camera_info
[INFO] [1782123841.525615429] [fusion_grid_10]: LiDAR-camera fusion enabled. BBox class/color is fused with LiDAR clusters.
[INFO] [1782123841.525792394] [fusion_grid_10]: Fusion debug topics enabled under /fusion/grid_10
[WARN] [1782123841.602060640] [fusion_grid_10]: Fusion waiting for inputs: pointcloud=/velodyne_points, camera_info=/zed/left/camera_info
[INFO] [1782123842.110411243] [fusion_grid_10]: Fusion debug: raw=3378, roi=93, detections=17, clusters=4, cluster_assignments=3, sparse_assignments=1; #0:yellow(raw=4,roi=2,cl=0,assigned_sparse); #1:big_orange(raw=69,roi=35,cl=25,duplicate_or_low_score); #2:blue(raw=5,roi=3,cl=3,assigned_cluster); #3:blue(raw=3,roi=0,cl=0,rejected_by_roi_or_self_ground); #4:yellow(raw=3,roi=1,cl=0,insufficient_cluster_support); #5:blue(raw=2,roi=1,cl=0,insufficient_cluster_support); #6:big_orange(raw=37,roi=21,cl=14,duplicate_or_low_score); #7:yellow(raw=2,roi=1,cl=0,insufficient_cluster_support)
[INFO] [1782123842.110692074] [fusion_grid_10]: Fusion published cones: blue=1, yellow=1, orange=1, big_orange=1, unknown=0
[INFO] [1782123844.181092531] [fusion_grid_10]: Fusion debug: raw=3378, roi=93, detections=17, clusters=4, cluster_assignments=3, sparse_assignments=1; #0:yellow(raw=4,roi=2,cl=0,assigned_sparse); #1:big_orange(raw=69,roi=34,cl=25,duplicate_or_low_score); #2:blue(raw=5,roi=3,cl=3,assigned_cluster); #3:blue(raw=3,roi=0,cl=0,rejected_by_roi_or_self_ground); #4:yellow(raw=3,roi=1,cl=0,insufficient_cluster_support); #5:blue(raw=2,roi=1,cl=0,insufficient_cluster_support); #6:yellow(raw=2,roi=1,cl=0,insufficient_cluster_support); #7:big_orange(raw=37,roi=21,cl=14,duplicate_or_low_score)
[INFO] [1782123844.181404529] [fusion_grid_10]: Fusion published cones: blue=1, yellow=1, orange=1, big_orange=1, unknown=0
[INFO] [1782123846.295689503] [fusion_grid_10]: Fusion debug: raw=3378, roi=93, detections=17, clusters=4, cluster_assignments=3, sparse_assignments=1; #0:yellow(raw=4,roi=2,cl=0,assigned_sparse); #1:big_orange(raw=68,roi=35,cl=25,duplicate_or_low_score); #2:blue(raw=5,roi=3,cl=3,assigned_cluster); #3:blue(raw=3,roi=0,cl=0,rejected_by_roi_or_self_ground); #4:yellow(raw=3,roi=1,cl=0,insufficient_cluster_support); #5:blue(raw=2,roi=1,cl=0,insufficient_cluster_support); #6:yellow(raw=2,roi=1,cl=0,insufficient_cluster_support); #7:big_orange(raw=37,roi=21,cl=14,duplicate_or_low_score)
[INFO] [1782123846.296012041] [fusion_grid_10]: Fusion published cones: blue=1, yellow=1, orange=1, big_orange=1, unknown=0
[INFO] [1782123848.402706588] [fusion_grid_10]: Fusion debug: raw=3378, roi=93, detections=17, clusters=4, cluster_assignments=3, sparse_assignments=1; #0:yellow(raw=4,roi=2,cl=0,assigned_sparse); #1:big_orange(raw=68,roi=35,cl=25,duplicate_or_low_score); #2:blue(raw=5,roi=3,cl=3,assigned_cluster); #3:blue(raw=3,roi=0,cl=0,rejected_by_roi_or_self_ground); #4:yellow(raw=3,roi=1,cl=0,insufficient_cluster_support); #5:blue(raw=2,roi=1,cl=0,insufficient_cluster_support); #6:big_orange(raw=37,roi=21,cl=14,duplicate_or_low_score); #7:yellow(raw=2,roi=1,cl=0,insufficient_cluster_support)
[INFO] [1782123848.403014560] [fusion_grid_10]: Fusion published cones: blue=1, yellow=1, orange=1, big_orange=1, unknown=0
[INFO] [1782123850.436558344] [fusion_grid_10]: Fusion debug: raw=3378, roi=93, detections=17, clusters=4, cluster_assignments=3, sparse_assignments=1; #0:yellow(raw=4,roi=2,cl=0,assigned_sparse); #1:big_orange(raw=68,roi=35,cl=25,duplicate_or_low_score); #2:blue(raw=5,roi=3,cl=3,assigned_cluster); #3:blue(raw=3,roi=0,cl=0,rejected_by_roi_or_self_ground); #4:yellow(raw=3,roi=1,cl=0,insufficient_cluster_support); #5:blue(raw=2,roi=1,cl=0,insufficient_cluster_support); #6:yellow(raw=2,roi=1,cl=0,insufficient_cluster_support); #7:big_orange(raw=37,roi=21,cl=14,duplicate_or_low_score)
[INFO] [1782123850.436867350] [fusion_grid_10]: Fusion published cones: blue=1, yellow=1, orange=1, big_orange=1, unknown=0
[INFO] [1782123852.461236229] [fusion_grid_10]: Fusion debug: raw=3378, roi=93, detections=17, clusters=4, cluster_assignments=3, sparse_assignments=1; #0:yellow(raw=4,roi=2,cl=0,assigned_sparse); #1:big_orange(raw=68,roi=35,cl=25,duplicate_or_low_score); #2:blue(raw=5,roi=3,cl=3,assigned_cluster); #3:blue(raw=3,roi=0,cl=0,rejected_by_roi_or_self_ground); #4:yellow(raw=3,roi=1,cl=0,insufficient_cluster_support); #5:blue(raw=2,roi=1,cl=0,insufficient_cluster_support); #6:yellow(raw=2,roi=1,cl=0,insufficient_cluster_support); #7:big_orange(raw=36,roi=21,cl=14,duplicate_or_low_score)
[INFO] [1782123852.461536237] [fusion_grid_10]: Fusion published cones: blue=1, yellow=1, orange=1, big_orange=1, unknown=0
[INFO] [1782123854.580654383] [fusion_grid_10]: Fusion debug: raw=3378, roi=93, detections=17, clusters=4, cluster_assignments=3, sparse_assignments=1; #0:yellow(raw=4,roi=2,cl=0,assigned_sparse); #1:big_orange(raw=69,roi=35,cl=25,duplicate_or_low_score); #2:blue(raw=5,roi=3,cl=3,assigned_cluster); #3:blue(raw=3,roi=0,cl=0,rejected_by_roi_or_self_ground); #4:yellow(raw=3,roi=1,cl=0,insufficient_cluster_support); #5:blue(raw=2,roi=1,cl=0,insufficient_cluster_support); #6:yellow(raw=2,roi=1,cl=0,insufficient_cluster_support); #7:big_orange(raw=37,roi=21,cl=14,duplicate_or_low_score)
[INFO] [1782123854.580944621] [fusion_grid_10]: Fusion published cones: blue=1, yellow=1, orange=1, big_orange=1, unknown=0
[INFO] [1782123856.683863530] [fusion_grid_10]: Fusion debug: raw=3378, roi=93, detections=17, clusters=4, cluster_assignments=3, sparse_assignments=1; #0:yellow(raw=4,roi=2,cl=0,assigned_sparse); #1:big_orange(raw=68,roi=35,cl=25,duplicate_or_low_score); #2:blue(raw=5,roi=3,cl=3,assigned_cluster); #3:blue(raw=3,roi=0,cl=0,rejected_by_roi_or_self_ground); #4:yellow(raw=3,roi=1,cl=0,insufficient_cluster_support); #5:blue(raw=2,roi=1,cl=0,insufficient_cluster_support); #6:yellow(raw=2,roi=1,cl=0,insufficient_cluster_support); #7:big_orange(raw=37,roi=22,cl=14,duplicate_or_low_score)
[INFO] [1782123856.684157619] [fusion_grid_10]: Fusion published cones: blue=1, yellow=1, orange=1, big_orange=1, unknown=0
