[INFO] [1782123788.868392560] [fusion_grid_07]: Publishing SLAM cone observations on /cones_grid_07 as eufs_msgs/msg/ConeArrayWithCovariance
[INFO] [1782123788.868647185] [fusion_grid_07]: Publishing RViz cone markers on /cones_grid_07/viz as visualization_msgs/msg/MarkerArray
[INFO] [1782123788.868826241] [fusion_grid_07]: Fusion inputs: image=/zed/left/image_rect_color, pointcloud=/velodyne_points, bboxes=/yolo_bounding_boxes, camera_info=/zed/left/camera_info
[INFO] [1782123788.868989828] [fusion_grid_07]: LiDAR-camera fusion enabled. BBox class/color is fused with LiDAR clusters.
[INFO] [1782123788.869163893] [fusion_grid_07]: Fusion debug topics enabled under /fusion/grid_07
[WARN] [1782123788.875558965] [fusion_grid_07]: Fusion waiting for inputs: bboxes=/yolo_bounding_boxes, camera_info=/zed/left/camera_info
[INFO] [1782123789.362451811] [fusion_grid_07]: Fusion debug: raw=3378, roi=93, detections=17, clusters=4, cluster_assignments=3, sparse_assignments=3; #0:yellow(raw=4,roi=2,cl=0,assigned_sparse); #1:big_orange(raw=68,roi=35,cl=25,duplicate_or_low_score); #2:blue(raw=5,roi=3,cl=3,assigned_cluster); #3:blue(raw=3,roi=0,cl=0,rejected_by_roi_or_self_ground); #4:yellow(raw=3,roi=1,cl=0,insufficient_cluster_support); #5:blue(raw=2,roi=1,cl=0,assigned_sparse); #6:big_orange(raw=37,roi=20,cl=14,duplicate_or_low_score); #7:yellow(raw=2,roi=1,cl=0,assigned_sparse)
[INFO] [1782123789.362760547] [fusion_grid_07]: Fusion published cones: blue=2, yellow=2, orange=1, big_orange=1, unknown=0
[INFO] [1782123791.371065487] [fusion_grid_07]: Fusion debug: raw=3378, roi=93, detections=17, clusters=4, cluster_assignments=3, sparse_assignments=3; #0:yellow(raw=4,roi=2,cl=0,assigned_sparse); #1:big_orange(raw=68,roi=34,cl=25,duplicate_or_low_score); #2:blue(raw=5,roi=3,cl=3,assigned_cluster); #3:blue(raw=3,roi=0,cl=0,rejected_by_roi_or_self_ground); #4:yellow(raw=3,roi=1,cl=0,insufficient_cluster_support); #5:blue(raw=2,roi=1,cl=0,assigned_sparse); #6:big_orange(raw=37,roi=21,cl=14,duplicate_or_low_score); #7:yellow(raw=2,roi=1,cl=0,assigned_sparse)
[INFO] [1782123791.371406090] [fusion_grid_07]: Fusion published cones: blue=2, yellow=2, orange=1, big_orange=1, unknown=0
[INFO] [1782123793.406492253] [fusion_grid_07]: Fusion debug: raw=3378, roi=93, detections=17, clusters=4, cluster_assignments=3, sparse_assignments=3; #0:yellow(raw=4,roi=2,cl=0,assigned_sparse); #1:big_orange(raw=68,roi=35,cl=25,duplicate_or_low_score); #2:blue(raw=5,roi=3,cl=3,assigned_cluster); #3:blue(raw=3,roi=0,cl=0,rejected_by_roi_or_self_ground); #4:yellow(raw=3,roi=1,cl=0,insufficient_cluster_support); #5:blue(raw=2,roi=1,cl=0,assigned_sparse); #6:yellow(raw=2,roi=1,cl=0,assigned_sparse); #7:big_orange(raw=37,roi=21,cl=14,duplicate_or_low_score)
[INFO] [1782123793.406804226] [fusion_grid_07]: Fusion published cones: blue=2, yellow=2, orange=1, big_orange=1, unknown=0
[INFO] [1782123795.445599082] [fusion_grid_07]: Fusion debug: raw=3378, roi=93, detections=17, clusters=4, cluster_assignments=3, sparse_assignments=3; #0:yellow(raw=4,roi=2,cl=0,assigned_sparse); #1:big_orange(raw=68,roi=36,cl=25,duplicate_or_low_score); #2:blue(raw=5,roi=3,cl=3,assigned_cluster); #3:blue(raw=3,roi=0,cl=0,rejected_by_roi_or_self_ground); #4:yellow(raw=3,roi=1,cl=0,insufficient_cluster_support); #5:blue(raw=2,roi=1,cl=0,assigned_sparse); #6:big_orange(raw=37,roi=21,cl=14,duplicate_or_low_score); #7:yellow(raw=2,roi=1,cl=0,assigned_sparse)
[INFO] [1782123795.445906052] [fusion_grid_07]: Fusion published cones: blue=2, yellow=2, orange=1, big_orange=1, unknown=0
[INFO] [1782123797.451586793] [fusion_grid_07]: Fusion debug: raw=3378, roi=93, detections=17, clusters=4, cluster_assignments=3, sparse_assignments=3; #0:yellow(raw=4,roi=2,cl=0,assigned_sparse); #1:big_orange(raw=69,roi=34,cl=25,duplicate_or_low_score); #2:blue(raw=5,roi=3,cl=3,assigned_cluster); #3:blue(raw=3,roi=0,cl=0,rejected_by_roi_or_self_ground); #4:yellow(raw=3,roi=1,cl=0,insufficient_cluster_support); #5:blue(raw=2,roi=1,cl=0,assigned_sparse); #6:big_orange(raw=37,roi=21,cl=14,duplicate_or_low_score); #7:yellow(raw=2,roi=1,cl=0,assigned_sparse)
[INFO] [1782123797.451912918] [fusion_grid_07]: Fusion published cones: blue=2, yellow=2, orange=1, big_orange=1, unknown=0
[INFO] [1782123799.571634249] [fusion_grid_07]: Fusion debug: raw=3378, roi=93, detections=17, clusters=4, cluster_assignments=3, sparse_assignments=3; #0:yellow(raw=4,roi=2,cl=0,assigned_sparse); #1:big_orange(raw=68,roi=35,cl=25,duplicate_or_low_score); #2:blue(raw=5,roi=3,cl=3,assigned_cluster); #3:blue(raw=3,roi=0,cl=0,rejected_by_roi_or_self_ground); #4:yellow(raw=3,roi=1,cl=0,insufficient_cluster_support); #5:blue(raw=2,roi=1,cl=0,assigned_sparse); #6:big_orange(raw=37,roi=21,cl=14,duplicate_or_low_score); #7:yellow(raw=2,roi=1,cl=0,assigned_sparse)
[INFO] [1782123799.571935836] [fusion_grid_07]: Fusion published cones: blue=2, yellow=2, orange=1, big_orange=1, unknown=0
[INFO] [1782123801.654687748] [fusion_grid_07]: Fusion debug: raw=3378, roi=93, detections=17, clusters=4, cluster_assignments=3, sparse_assignments=3; #0:yellow(raw=4,roi=2,cl=0,assigned_sparse); #1:big_orange(raw=68,roi=36,cl=25,duplicate_or_low_score); #2:blue(raw=5,roi=3,cl=3,assigned_cluster); #3:blue(raw=3,roi=0,cl=0,rejected_by_roi_or_self_ground); #4:yellow(raw=3,roi=1,cl=0,insufficient_cluster_support); #5:blue(raw=2,roi=1,cl=0,assigned_sparse); #6:big_orange(raw=37,roi=21,cl=14,duplicate_or_low_score); #7:yellow(raw=2,roi=1,cl=0,assigned_sparse)
[INFO] [1782123801.655015718] [fusion_grid_07]: Fusion published cones: blue=2, yellow=2, orange=1, big_orange=1, unknown=0
[INFO] [1782123803.757695643] [fusion_grid_07]: Fusion debug: raw=3378, roi=93, detections=17, clusters=4, cluster_assignments=3, sparse_assignments=3; #0:yellow(raw=4,roi=2,cl=0,assigned_sparse); #1:big_orange(raw=68,roi=36,cl=25,duplicate_or_low_score); #2:blue(raw=5,roi=3,cl=3,assigned_cluster); #3:blue(raw=3,roi=0,cl=0,rejected_by_roi_or_self_ground); #4:yellow(raw=3,roi=1,cl=0,insufficient_cluster_support); #5:blue(raw=2,roi=1,cl=0,assigned_sparse); #6:big_orange(raw=37,roi=21,cl=14,duplicate_or_low_score); #7:yellow(raw=2,roi=1,cl=0,assigned_sparse)
[INFO] [1782123803.758006900] [fusion_grid_07]: Fusion published cones: blue=2, yellow=2, orange=1, big_orange=1, unknown=0
