[INFO] [1782123876.613705267] [fusion_grid_12]: Publishing SLAM cone observations on /cones_grid_12 as eufs_msgs/msg/ConeArrayWithCovariance
[INFO] [1782123876.613950740] [fusion_grid_12]: Publishing RViz cone markers on /cones_grid_12/viz as visualization_msgs/msg/MarkerArray
[INFO] [1782123876.614118218] [fusion_grid_12]: Fusion inputs: image=/zed/left/image_rect_color, pointcloud=/velodyne_points, bboxes=/yolo_bounding_boxes, camera_info=/zed/left/camera_info
[INFO] [1782123876.614276595] [fusion_grid_12]: LiDAR-camera fusion enabled. BBox class/color is fused with LiDAR clusters.
[INFO] [1782123876.614434209] [fusion_grid_12]: Fusion debug topics enabled under /fusion/grid_12
[WARN] [1782123876.652425765] [fusion_grid_12]: Fusion waiting for inputs: bboxes=/yolo_bounding_boxes, camera_info=/zed/left/camera_info
[INFO] [1782123876.928118632] [fusion_grid_12]: Fusion debug: raw=3378, roi=93, detections=17, clusters=4, cluster_assignments=3, sparse_assignments=1; #0:yellow(raw=4,roi=2,cl=0,assigned_sparse); #1:big_orange(raw=69,roi=37,cl=25,duplicate_or_low_score); #2:blue(raw=5,roi=3,cl=3,assigned_cluster); #3:blue(raw=3,roi=0,cl=0,rejected_by_roi_or_self_ground); #4:yellow(raw=3,roi=1,cl=0,insufficient_cluster_support); #5:blue(raw=2,roi=1,cl=0,insufficient_cluster_support); #6:big_orange(raw=37,roi=23,cl=14,duplicate_or_low_score); #7:yellow(raw=2,roi=1,cl=0,insufficient_cluster_support)
[INFO] [1782123876.928395113] [fusion_grid_12]: Fusion published cones: blue=1, yellow=1, orange=1, big_orange=1, unknown=0
[INFO] [1782123878.981749960] [fusion_grid_12]: Fusion debug: raw=3378, roi=93, detections=17, clusters=4, cluster_assignments=3, sparse_assignments=1; #0:yellow(raw=4,roi=2,cl=0,assigned_sparse); #1:big_orange(raw=68,roi=37,cl=25,duplicate_or_low_score); #2:blue(raw=5,roi=3,cl=3,assigned_cluster); #3:blue(raw=3,roi=0,cl=0,rejected_by_roi_or_self_ground); #4:yellow(raw=3,roi=1,cl=0,insufficient_cluster_support); #5:blue(raw=2,roi=1,cl=0,insufficient_cluster_support); #6:big_orange(raw=37,roi=24,cl=14,duplicate_or_low_score); #7:yellow(raw=2,roi=1,cl=0,insufficient_cluster_support)
[INFO] [1782123878.982177879] [fusion_grid_12]: Fusion published cones: blue=1, yellow=1, orange=1, big_orange=1, unknown=0
[INFO] [1782123881.014366637] [fusion_grid_12]: Fusion debug: raw=3378, roi=93, detections=17, clusters=4, cluster_assignments=3, sparse_assignments=1; #0:yellow(raw=4,roi=2,cl=0,assigned_sparse); #1:big_orange(raw=69,roi=38,cl=25,duplicate_or_low_score); #2:blue(raw=5,roi=3,cl=3,assigned_cluster); #3:blue(raw=3,roi=0,cl=0,rejected_by_roi_or_self_ground); #4:yellow(raw=3,roi=1,cl=0,insufficient_cluster_support); #5:blue(raw=2,roi=1,cl=0,insufficient_cluster_support); #6:big_orange(raw=37,roi=23,cl=14,duplicate_or_low_score); #7:yellow(raw=2,roi=1,cl=0,insufficient_cluster_support)
[INFO] [1782123881.014658167] [fusion_grid_12]: Fusion published cones: blue=1, yellow=1, orange=1, big_orange=1, unknown=0
[INFO] [1782123883.080007891] [fusion_grid_12]: Fusion debug: raw=3378, roi=93, detections=17, clusters=4, cluster_assignments=3, sparse_assignments=1; #0:yellow(raw=4,roi=2,cl=0,assigned_sparse); #1:big_orange(raw=69,roi=37,cl=25,duplicate_or_low_score); #2:blue(raw=5,roi=3,cl=3,assigned_cluster); #3:blue(raw=3,roi=0,cl=0,rejected_by_roi_or_self_ground); #4:yellow(raw=3,roi=1,cl=0,insufficient_cluster_support); #5:blue(raw=2,roi=1,cl=0,insufficient_cluster_support); #6:big_orange(raw=37,roi=23,cl=14,duplicate_or_low_score); #7:yellow(raw=2,roi=1,cl=0,insufficient_cluster_support)
[INFO] [1782123883.080303638] [fusion_grid_12]: Fusion published cones: blue=1, yellow=1, orange=1, big_orange=1, unknown=0
[INFO] [1782123885.223376359] [fusion_grid_12]: Fusion debug: raw=3378, roi=93, detections=17, clusters=4, cluster_assignments=3, sparse_assignments=1; #0:yellow(raw=4,roi=2,cl=0,assigned_sparse); #1:big_orange(raw=68,roi=38,cl=25,duplicate_or_low_score); #2:blue(raw=5,roi=3,cl=3,assigned_cluster); #3:blue(raw=3,roi=0,cl=0,rejected_by_roi_or_self_ground); #4:yellow(raw=3,roi=1,cl=0,insufficient_cluster_support); #5:blue(raw=2,roi=1,cl=0,insufficient_cluster_support); #6:yellow(raw=2,roi=1,cl=0,insufficient_cluster_support); #7:big_orange(raw=37,roi=23,cl=14,duplicate_or_low_score)
[INFO] [1782123885.223686381] [fusion_grid_12]: Fusion published cones: blue=1, yellow=1, orange=1, big_orange=1, unknown=0
[INFO] [1782123887.224875507] [fusion_grid_12]: Fusion debug: raw=3378, roi=93, detections=17, clusters=4, cluster_assignments=3, sparse_assignments=1; #0:yellow(raw=4,roi=2,cl=0,assigned_sparse); #1:big_orange(raw=68,roi=38,cl=25,duplicate_or_low_score); #2:blue(raw=5,roi=3,cl=3,assigned_cluster); #3:blue(raw=3,roi=0,cl=0,rejected_by_roi_or_self_ground); #4:yellow(raw=3,roi=1,cl=0,insufficient_cluster_support); #5:blue(raw=2,roi=1,cl=0,insufficient_cluster_support); #6:yellow(raw=2,roi=1,cl=0,insufficient_cluster_support); #7:big_orange(raw=37,roi=23,cl=14,duplicate_or_low_score)
[INFO] [1782123887.225184891] [fusion_grid_12]: Fusion published cones: blue=1, yellow=1, orange=1, big_orange=1, unknown=0
[INFO] [1782123889.241455488] [fusion_grid_12]: Fusion debug: raw=3378, roi=93, detections=17, clusters=4, cluster_assignments=3, sparse_assignments=1; #0:yellow(raw=4,roi=2,cl=0,assigned_sparse); #1:big_orange(raw=68,roi=38,cl=25,duplicate_or_low_score); #2:blue(raw=5,roi=3,cl=3,assigned_cluster); #3:blue(raw=3,roi=0,cl=0,rejected_by_roi_or_self_ground); #4:yellow(raw=3,roi=1,cl=0,insufficient_cluster_support); #5:blue(raw=2,roi=1,cl=0,insufficient_cluster_support); #6:yellow(raw=2,roi=1,cl=0,insufficient_cluster_support); #7:big_orange(raw=37,roi=24,cl=14,duplicate_or_low_score)
[INFO] [1782123889.241751666] [fusion_grid_12]: Fusion published cones: blue=1, yellow=1, orange=1, big_orange=1, unknown=0
[INFO] [1782123891.320992373] [fusion_grid_12]: Fusion debug: raw=3378, roi=93, detections=17, clusters=4, cluster_assignments=3, sparse_assignments=1; #0:yellow(raw=4,roi=2,cl=0,assigned_sparse); #1:big_orange(raw=68,roi=38,cl=25,duplicate_or_low_score); #2:blue(raw=5,roi=3,cl=3,assigned_cluster); #3:blue(raw=3,roi=0,cl=0,rejected_by_roi_or_self_ground); #4:yellow(raw=3,roi=1,cl=0,insufficient_cluster_support); #5:blue(raw=2,roi=1,cl=0,insufficient_cluster_support); #6:yellow(raw=2,roi=1,cl=0,insufficient_cluster_support); #7:big_orange(raw=37,roi=23,cl=14,duplicate_or_low_score)
[INFO] [1782123891.321420734] [fusion_grid_12]: Fusion published cones: blue=1, yellow=1, orange=1, big_orange=1, unknown=0
